// Jest Snapshot v1, https://goo.gl/fbAQLP

exports[`Index page should be defined 1`] = `
.c0 {
  color: red;
  font-size: 20px;
}

<div>
  <div>
    <h1
      class="c0"
    >
      Agenda 4 Pets
    </h1>
  </div>
</div>
`;
